// Jest Snapshot v1, https://goo.gl/fbAQLP

exports[`should take a snapshot 1`] = `
<DocumentFragment>
  <div>
    <header>
      <div
        class="MuiContainer-root makeStyles-root-2 MuiContainer-maxWidthLg"
      >
        <header
          class="MuiPaper-root MuiAppBar-root MuiAppBar-positionStatic MuiAppBar-colorPrimary MuiPaper-elevation4"
        >
          <div
            class="MuiToolbar-root MuiToolbar-regular MuiToolbar-gutters"
          >
            <h6
              class="MuiTypography-root makeStyles-title-4 MuiTypography-h6"
            >
              User List
            </h6>
            <button
              class="MuiButtonBase-root MuiButton-root MuiButton-outlined appbar-user-add MuiButton-colorInherit"
              tabindex="0"
              type="adduser"
            >
              <span
                class="MuiButton-label"
              >
                Add New User
              </span>
              <span
                class="MuiTouchRipple-root"
              />
            </button>
          </div>
        </header>
      </div>
    </header>
    <main>
      <div
        class="MuiContainer-root MuiContainer-maxWidthLg"
      >
        <div
          class="MuiPaper-root MuiTableContainer-root MuiPaper-elevation1 MuiPaper-rounded"
        >
          <table
            aria-label="simple table"
            class="MuiTable-root makeStyles-table-5"
          >
            <thead
              class="MuiTableHead-root"
            >
              <tr
                class="MuiTableRow-root MuiTableRow-head"
              >
                <th
                  class="MuiTableCell-root MuiTableCell-head"
                  scope="col"
                >
                  ID
                </th>
                <th
                  class="MuiTableCell-root MuiTableCell-head MuiTableCell-alignRight"
                  scope="col"
                >
                  First Name
                </th>
                <th
                  class="MuiTableCell-root MuiTableCell-head MuiTableCell-alignRight"
                  scope="col"
                >
                  Last Name
                </th>
                <th
                  class="MuiTableCell-root MuiTableCell-head MuiTableCell-alignRight"
                  scope="col"
                >
                  Adult
                </th>
                <th
                  class="MuiTableCell-root MuiTableCell-head MuiTableCell-alignRight"
                  scope="col"
                >
                  Phone
                </th>
              </tr>
            </thead>
            <tbody
              class="MuiTableBody-root"
            />
          </table>
        </div>
      </div>
    </main>
    <footer
      style="padding: 20px;"
    >
      <div
        class="MuiContainer-root MuiContainer-maxWidthLg"
      >
        <div
          class="MuiGrid-root MuiGrid-container MuiGrid-spacing-xs-4"
          style="width: auto; align-items: stretch; align-content: space-around;"
        >
          <div
            class="MuiGrid-root MuiGrid-item MuiGrid-grid-xs-12"
          >
            <div
              class="MuiGrid-root MuiGrid-container MuiGrid-spacing-xs-2"
            >
              <div
                class="MuiGrid-root MuiGrid-item"
              >
                <div
                  class="MuiPaper-root MuiPaper-elevation1 MuiPaper-rounded"
                >
                  <h3>
                    debug forced input
                  </h3>
                  <form>
                    <input
                      name="first_name"
                      required=""
                      type="text"
                    />
                    <br />
                    <div
                      class="wrapper"
                    >
                      <button
                        class="MuiButtonBase-root MuiButton-root MuiButton-text"
                        tabindex="0"
                        type="submit"
                      >
                        <span
                          class="MuiButton-label"
                        >
                          Submit
                        </span>
                        <span
                          class="MuiTouchRipple-root"
                        />
                      </button>
                      <button
                        class="MuiButtonBase-root MuiButton-root MuiButton-text"
                        tabindex="0"
                        type="button"
                      >
                        <span
                          class="MuiButton-label"
                        >
                          clear[cns]
                        </span>
                        <span
                          class="MuiTouchRipple-root"
                        />
                      </button>
                    </div>
                  </form>
                </div>
              </div>
              <div
                class="MuiGrid-root MuiGrid-item"
              >
                <div
                  class="MuiPaper-root MuiPaper-elevation1 MuiPaper-rounded"
                >
                  <h3>
                    debug list
                  </h3>
                  <button
                    class="MuiButtonBase-root MuiButton-root MuiButton-contained"
                    tabindex="0"
                    type="button"
                  >
                    <span
                      class="MuiButton-label"
                    >
                      Add Test
                    </span>
                    <span
                      class="MuiTouchRipple-root"
                    />
                  </button>
                  <button
                    class="MuiButtonBase-root MuiButton-root MuiButton-contained"
                    tabindex="0"
                    type="button"
                  >
                    <span
                      class="MuiButton-label"
                    >
                      Clear Grid
                    </span>
                    <span
                      class="MuiTouchRipple-root"
                    />
                  </button>
                  <div
                    class="MuiContainer-root MuiContainer-maxWidthLg"
                  >
                    <h2>
                      Test List
                    </h2>
                    <ul />
                  </div>
                </div>
              </div>
              <div
                class="MuiGrid-root MuiGrid-item"
              >
                <div
                  class="MuiPaper-root MuiPaper-elevation1 MuiPaper-rounded"
                >
                  <h3>
                    debug form
                  </h3>
                  <div
                    class="MuiContainer-root MuiContainer-maxWidthLg"
                  >
                    <form
                      action="#"
                      class="makeStyles-form-6"
                    >
                      <div
                        class="MuiFormControl-root MuiTextField-root"
                      >
                        <label
                          class="MuiFormLabel-root MuiInputLabel-root MuiInputLabel-formControl MuiInputLabel-animated MuiInputLabel-shrink MuiFormLabel-filled Mui-required Mui-required"
                          data-shrink="true"
                        >
                          First Name
                          <span
                            aria-hidden="true"
                            class="MuiFormLabel-asterisk MuiInputLabel-asterisk"
                          >
                             *
                          </span>
                        </label>
                        <div
                          class="MuiInputBase-root MuiInput-root MuiInput-underline MuiInputBase-formControl MuiInput-formControl"
                        >
                          <input
                            aria-invalid="false"
                            class="MuiInputBase-input MuiInput-input"
                            name="first_name"
                            placeholder="Jane"
                            required=""
                            type="text"
                            value="Mark"
                          />
                        </div>
                      </div>
                      <div
                        class="MuiFormControl-root makeStyles-formControl-7"
                      >
                        <div
                          class="MuiFormControl-root MuiTextField-root"
                        >
                          <label
                            class="MuiFormLabel-root MuiInputLabel-root MuiInputLabel-formControl MuiInputLabel-animated MuiInputLabel-shrink MuiFormLabel-filled Mui-required Mui-required"
                            data-shrink="true"
                          >
                            Last Name
                            <span
                              aria-hidden="true"
                              class="MuiFormLabel-asterisk MuiInputLabel-asterisk"
                            >
                               *
                            </span>
                          </label>
                          <div
                            class="MuiInputBase-root MuiInput-root MuiInput-underline MuiInputBase-formControl MuiInput-formControl"
                          >
                            <input
                              aria-invalid="false"
                              class="MuiInputBase-input MuiInput-input"
                              name="last_name"
                              placeholder="Doe"
                              required=""
                              type="text"
                              value="Konig"
                            />
                          </div>
                        </div>
                      </div>
                      <div
                        class="MuiFormControl-root makeStyles-formControl-7"
                      >
                        <div
                          class="MuiFormControl-root MuiTextField-root"
                        >
                          <label
                            class="MuiFormLabel-root MuiInputLabel-root MuiInputLabel-formControl MuiInputLabel-animated MuiInputLabel-shrink MuiFormLabel-filled Mui-required Mui-required"
                            data-shrink="true"
                          >
                            Email
                            <span
                              aria-hidden="true"
                              class="MuiFormLabel-asterisk MuiInputLabel-asterisk"
                            >
                               *
                            </span>
                          </label>
                          <div
                            class="MuiInputBase-root MuiInput-root MuiInput-underline MuiInputBase-formControl MuiInput-formControl"
                          >
                            <input
                              aria-invalid="false"
                              class="MuiInputBase-input MuiInput-input"
                              name="email"
                              required=""
                              type="email"
                              value="andy@rotar.com"
                            />
                          </div>
                        </div>
                      </div>
                      <div
                        class="MuiFormControl-root makeStyles-formControl-7"
                      >
                        <button
                          class="MuiButtonBase-root MuiButton-root MuiButton-text"
                          tabindex="0"
                          type="submit"
                        >
                          <span
                            class="MuiButton-label"
                          >
                            Submit
                          </span>
                          <span
                            class="MuiTouchRipple-root"
                          />
                        </button>
                      </div>
                    </form>
                  </div>
                </div>
              </div>
            </div>
          </div>
        </div>
      </div>
    </footer>
    <div />
  </div>
</DocumentFragment>
`;
